Dataset Built. 
Model Built. 
Trainer Built. Start training
Sanity Checking: 0it [00:00, ?it/s]Sanity Checking:   0%|          | 0/2 [00:00<?, ?it/s]Sanity Checking DataLoader 0:   0%|          | 0/2 [00:00<?, ?it/s]Sanity Checking DataLoader 0:  50%|█████     | 1/2 [00:02<00:02,  2.27s/it]Sanity Checking DataLoader 0: 100%|██████████| 2/2 [00:02<00:00,  1.22s/it]                                                                           Training: 0it [00:00, ?it/s]Training:   0%|          | 0/47 [00:00<?, ?it/s]Epoch 0:   0%|          | 0/47 [00:00<?, ?it/s] Epoch 0:   2%|▏         | 1/47 [00:05<04:19,  5.64s/it]Epoch 0:   2%|▏         | 1/47 [00:05<04:19,  5.64s/it, v_num=13]Epoch 0:   4%|▍         | 2/47 [00:05<02:14,  2.99s/it, v_num=13]Epoch 0:   4%|▍         | 2/47 [00:05<02:14,  2.99s/it, v_num=13]Epoch 0:   6%|▋         | 3/47 [00:06<01:36,  2.19s/it, v_num=13]Epoch 0:   6%|▋         | 3/47 [00:06<01:36,  2.19s/it, v_num=13]Epoch 0:   9%|▊         | 4/47 [00:07<01:17,  1.79s/it, v_num=13]Epoch 0:   9%|▊         | 4/47 [00:07<01:17,  1.79s/it, v_num=13]Epoch 0:  11%|█         | 5/47 [00:09<01:20,  1.91s/it, v_num=13]Epoch 0:  11%|█         | 5/47 [00:09<01:20,  1.91s/it, v_num=13]Epoch 0:  13%|█▎        | 6/47 [00:10<01:09,  1.69s/it, v_num=13]Epoch 0:  13%|█▎        | 6/47 [00:10<01:09,  1.69s/it, v_num=13]Epoch 0:  15%|█▍        | 7/47 [00:10<01:01,  1.53s/it, v_num=13]Epoch 0:  15%|█▍        | 7/47 [00:10<01:01,  1.53s/it, v_num=13]Epoch 0:  17%|█▋        | 8/47 [00:11<00:55,  1.41s/it, v_num=13]Epoch 0:  17%|█▋        | 8/47 [00:11<00:55,  1.41s/it, v_num=13]Epoch 0:  19%|█▉        | 9/47 [00:13<00:59,  1.55s/it, v_num=13]Epoch 0:  19%|█▉        | 9/47 [00:13<00:59,  1.55s/it, v_num=13]Epoch 0:  21%|██▏       | 10/47 [00:14<00:53,  1.46s/it, v_num=13]Epoch 0:  21%|██▏       | 10/47 [00:14<00:53,  1.46s/it, v_num=13]Epoch 0:  23%|██▎       | 11/47 [00:15<00:49,  1.38s/it, v_num=13]Epoch 0:  23%|██▎       | 11/47 [00:15<00:49,  1.38s/it, v_num=13]Epoch 0:  26%|██▌       | 12/47 [00:15<00:45,  1.31s/it, v_num=13]Epoch 0:  26%|██▌       | 12/47 [00:15<00:45,  1.31s/it, v_num=13]Epoch 0:  28%|██▊       | 13/47 [00:18<00:48,  1.42s/it, v_num=13]Epoch 0:  28%|██▊       | 13/47 [00:18<00:48,  1.42s/it, v_num=13]Epoch 0:  30%|██▉       | 14/47 [00:18<00:44,  1.36s/it, v_num=13]Epoch 0:  30%|██▉       | 14/47 [00:18<00:44,  1.36s/it, v_num=13]Epoch 0:  32%|███▏      | 15/47 [00:19<00:41,  1.31s/it, v_num=13]Epoch 0:  32%|███▏      | 15/47 [00:19<00:41,  1.31s/it, v_num=13]Epoch 0:  34%|███▍      | 16/47 [00:20<00:39,  1.26s/it, v_num=13]Epoch 0:  34%|███▍      | 16/47 [00:20<00:39,  1.26s/it, v_num=13]Epoch 0:  36%|███▌      | 17/47 [00:22<00:40,  1.34s/it, v_num=13]Epoch 0:  36%|███▌      | 17/47 [00:22<00:40,  1.34s/it, v_num=13]Epoch 0:  38%|███▊      | 18/47 [00:23<00:37,  1.30s/it, v_num=13]Epoch 0:  38%|███▊      | 18/47 [00:23<00:37,  1.30s/it, v_num=13]Epoch 0:  40%|████      | 19/47 [00:23<00:35,  1.26s/it, v_num=13]Epoch 0:  40%|████      | 19/47 [00:23<00:35,  1.26s/it, v_num=13]Epoch 0:  43%|████▎     | 20/47 [00:24<00:33,  1.23s/it, v_num=13]Epoch 0:  43%|████▎     | 20/47 [00:24<00:33,  1.23s/it, v_num=13]Epoch 0:  45%|████▍     | 21/47 [00:27<00:33,  1.30s/it, v_num=13]Epoch 0:  45%|████▍     | 21/47 [00:27<00:33,  1.30s/it, v_num=13]Epoch 0:  47%|████▋     | 22/47 [00:27<00:31,  1.27s/it, v_num=13]Epoch 0:  47%|████▋     | 22/47 [00:27<00:31,  1.27s/it, v_num=13]Epoch 0:  49%|████▉     | 23/47 [00:28<00:29,  1.24s/it, v_num=13]Epoch 0:  49%|████▉     | 23/47 [00:28<00:29,  1.24s/it, v_num=13]Epoch 0:  51%|█████     | 24/47 [00:29<00:27,  1.21s/it, v_num=13]Epoch 0:  51%|█████     | 24/47 [00:29<00:27,  1.21s/it, v_num=13]Epoch 0:  53%|█████▎    | 25/47 [00:31<00:28,  1.27s/it, v_num=13]Epoch 0:  53%|█████▎    | 25/47 [00:31<00:28,  1.27s/it, v_num=13]Epoch 0:  55%|█████▌    | 26/47 [00:32<00:26,  1.25s/it, v_num=13]Epoch 0:  55%|█████▌    | 26/47 [00:32<00:26,  1.25s/it, v_num=13]Epoch 0:  57%|█████▋    | 27/47 [00:33<00:24,  1.22s/it, v_num=13]Epoch 0:  57%|█████▋    | 27/47 [00:33<00:24,  1.22s/it, v_num=13]Epoch 0:  60%|█████▉    | 28/47 [00:33<00:22,  1.20s/it, v_num=13]Epoch 0:  60%|█████▉    | 28/47 [00:33<00:22,  1.20s/it, v_num=13]Epoch 0:  62%|██████▏   | 29/47 [00:36<00:22,  1.25s/it, v_num=13]Epoch 0:  62%|██████▏   | 29/47 [00:36<00:22,  1.25s/it, v_num=13]Epoch 0:  64%|██████▍   | 30/47 [00:36<00:20,  1.23s/it, v_num=13]Epoch 0:  64%|██████▍   | 30/47 [00:36<00:20,  1.23s/it, v_num=13]Epoch 0:  66%|██████▌   | 31/47 [00:37<00:19,  1.21s/it, v_num=13]Epoch 0:  66%|██████▌   | 31/47 [00:37<00:19,  1.21s/it, v_num=13]Epoch 0:  68%|██████▊   | 32/47 [00:38<00:17,  1.19s/it, v_num=13]Epoch 0:  68%|██████▊   | 32/47 [00:38<00:17,  1.19s/it, v_num=13]Epoch 0:  70%|███████   | 33/47 [00:40<00:17,  1.23s/it, v_num=13]Epoch 0:  70%|███████   | 33/47 [00:40<00:17,  1.23s/it, v_num=13]Epoch 0:  72%|███████▏  | 34/47 [00:41<00:15,  1.21s/it, v_num=13]Epoch 0:  72%|███████▏  | 34/47 [00:41<00:15,  1.21s/it, v_num=13]Epoch 0:  74%|███████▍  | 35/47 [00:41<00:14,  1.20s/it, v_num=13]Epoch 0:  74%|███████▍  | 35/47 [00:41<00:14,  1.20s/it, v_num=13]Epoch 0:  77%|███████▋  | 36/47 [00:42<00:12,  1.18s/it, v_num=13]Epoch 0:  77%|███████▋  | 36/47 [00:42<00:12,  1.18s/it, v_num=13]Epoch 0:  79%|███████▊  | 37/47 [00:45<00:12,  1.22s/it, v_num=13]Epoch 0:  79%|███████▊  | 37/47 [00:45<00:12,  1.22s/it, v_num=13]Epoch 0:  81%|████████  | 38/47 [00:45<00:10,  1.20s/it, v_num=13]Epoch 0:  81%|████████  | 38/47 [00:45<00:10,  1.20s/it, v_num=13]Epoch 0:  83%|████████▎ | 39/47 [00:46<00:09,  1.19s/it, v_num=13]Epoch 0:  83%|████████▎ | 39/47 [00:46<00:09,  1.19s/it, v_num=13]Epoch 0:  85%|████████▌ | 40/47 [00:46<00:08,  1.17s/it, v_num=13]Epoch 0:  85%|████████▌ | 40/47 [00:46<00:08,  1.17s/it, v_num=13]Epoch 0:  87%|████████▋ | 41/47 [00:49<00:07,  1.21s/it, v_num=13]Epoch 0:  87%|████████▋ | 41/47 [00:49<00:07,  1.21s/it, v_num=13]Epoch 0:  89%|████████▉ | 42/47 [00:50<00:05,  1.19s/it, v_num=13]Epoch 0:  89%|████████▉ | 42/47 [00:50<00:05,  1.19s/it, v_num=13]Epoch 0:  91%|█████████▏| 43/47 [00:50<00:04,  1.18s/it, v_num=13]Epoch 0:  91%|█████████▏| 43/47 [00:50<00:04,  1.18s/it, v_num=13]Epoch 0:  94%|█████████▎| 44/47 [00:51<00:03,  1.17s/it, v_num=13]Epoch 0:  94%|█████████▎| 44/47 [00:51<00:03,  1.17s/it, v_num=13]Epoch 0:  96%|█████████▌| 45/47 [00:53<00:02,  1.20s/it, v_num=13]Epoch 0:  96%|█████████▌| 45/47 [00:53<00:02,  1.20s/it, v_num=13]Epoch 0:  98%|█████████▊| 46/47 [00:54<00:01,  1.18s/it, v_num=13]Epoch 0:  98%|█████████▊| 46/47 [00:54<00:01,  1.18s/it, v_num=13]Epoch 0: 100%|██████████| 47/47 [00:54<00:00,  1.17s/it, v_num=13]Epoch 0: 100%|██████████| 47/47 [00:54<00:00,  1.17s/it, v_num=13]
Validation: 0it [00:00, ?it/s][A
Validation:   0%|          | 0/8 [00:00<?, ?it/s][A
Validation DataLoader 0:   0%|          | 0/8 [00:00<?, ?it/s][A
Validation DataLoader 0:  12%|█▎        | 1/8 [00:00<00:00, 29.12it/s][A
Validation DataLoader 0:  25%|██▌       | 2/8 [00:00<00:01,  5.01it/s][A
Validation DataLoader 0:  38%|███▊      | 3/8 [00:01<00:02,  1.82it/s][A
Validation DataLoader 0:  50%|█████     | 4/8 [00:03<00:03,  1.30it/s][A
Validation DataLoader 0:  62%|██████▎   | 5/8 [00:05<00:03,  1.08s/it][A
Validation DataLoader 0:  75%|███████▌  | 6/8 [00:05<00:01,  1.01it/s][A
Validation DataLoader 0:  88%|████████▊ | 7/8 [00:07<00:01,  1.05s/it][A
Validation DataLoader 0: 100%|██████████| 8/8 [00:08<00:00,  1.10s/it][AEpoch 0: 100%|██████████| 47/47 [01:12<00:00,  1.54s/it, v_num=13]
                                                                      [AEpoch 0: 100%|██████████| 47/47 [01:12<00:00,  1.54s/it, v_num=13]Epoch 0:   0%|          | 0/47 [00:00<?, ?it/s, v_num=13]         Epoch 1:   0%|          | 0/47 [00:00<?, ?it/s, v_num=13]Epoch 1:   2%|▏         | 1/47 [00:04<03:29,  4.55s/it, v_num=13]Epoch 1:   2%|▏         | 1/47 [00:04<03:29,  4.55s/it, v_num=13]Epoch 1:   4%|▍         | 2/47 [00:05<01:55,  2.57s/it, v_num=13]Epoch 1:   4%|▍         | 2/47 [00:05<01:55,  2.57s/it, v_num=13]Epoch 1:   6%|▋         | 3/47 [00:05<01:24,  1.91s/it, v_num=13]Epoch 1:   6%|▋         | 3/47 [00:05<01:24,  1.91s/it, v_num=13]Epoch 1:   9%|▊         | 4/47 [00:06<01:08,  1.58s/it, v_num=13]Epoch 1:   9%|▊         | 4/47 [00:06<01:08,  1.58s/it, v_num=13]Epoch 1:  11%|█         | 5/47 [00:08<01:12,  1.72s/it, v_num=13]Epoch 1:  11%|█         | 5/47 [00:08<01:12,  1.72s/it, v_num=13]Epoch 1:  13%|█▎        | 6/47 [00:09<01:02,  1.53s/it, v_num=13]Epoch 1:  13%|█▎        | 6/47 [00:09<01:02,  1.53s/it, v_num=13]Epoch 1:  15%|█▍        | 7/47 [00:09<00:56,  1.40s/it, v_num=13]Epoch 1:  15%|█▍        | 7/47 [00:09<00:56,  1.40s/it, v_num=13]Epoch 1:  17%|█▋        | 8/47 [00:10<00:50,  1.30s/it, v_num=13]Epoch 1:  17%|█▋        | 8/47 [00:10<00:50,  1.30s/it, v_num=13]Epoch 1:  19%|█▉        | 9/47 [00:12<00:53,  1.41s/it, v_num=13]Epoch 1:  19%|█▉        | 9/47 [00:12<00:53,  1.41s/it, v_num=13]Epoch 1:  21%|██▏       | 10/47 [00:13<00:49,  1.33s/it, v_num=13]Epoch 1:  21%|██▏       | 10/47 [00:13<00:49,  1.33s/it, v_num=13]Epoch 1:  23%|██▎       | 11/47 [00:13<00:45,  1.26s/it, v_num=13]Epoch 1:  23%|██▎       | 11/47 [00:13<00:45,  1.26s/it, v_num=13]Epoch 1:  26%|██▌       | 12/47 [00:14<00:42,  1.21s/it, v_num=13]Epoch 1:  26%|██▌       | 12/47 [00:14<00:42,  1.21s/it, v_num=13]Epoch 1:  28%|██▊       | 13/47 [00:16<00:43,  1.29s/it, v_num=13]Epoch 1:  28%|██▊       | 13/47 [00:16<00:43,  1.29s/it, v_num=13]Epoch 1:  30%|██▉       | 14/47 [00:17<00:40,  1.24s/it, v_num=13]Epoch 1:  30%|██▉       | 14/47 [00:17<00:40,  1.24s/it, v_num=13]Epoch 1:  32%|███▏      | 15/47 [00:17<00:38,  1.20s/it, v_num=13]Epoch 1:  32%|███▏      | 15/47 [00:17<00:38,  1.20s/it, v_num=13]Epoch 1:  34%|███▍      | 16/47 [00:18<00:35,  1.16s/it, v_num=13]Epoch 1:  34%|███▍      | 16/47 [00:18<00:35,  1.16s/it, v_num=13]Epoch 1:  36%|███▌      | 17/47 [00:20<00:36,  1.23s/it, v_num=13]Epoch 1:  36%|███▌      | 17/47 [00:20<00:36,  1.23s/it, v_num=13]Epoch 1:  38%|███▊      | 18/47 [00:21<00:34,  1.19s/it, v_num=13]Epoch 1:  38%|███▊      | 18/47 [00:21<00:34,  1.19s/it, v_num=13]Epoch 1:  40%|████      | 19/47 [00:22<00:32,  1.16s/it, v_num=13]Epoch 1:  40%|████      | 19/47 [00:22<00:32,  1.16s/it, v_num=13]Epoch 1:  43%|████▎     | 20/47 [00:22<00:30,  1.13s/it, v_num=13]Epoch 1:  43%|████▎     | 20/47 [00:22<00:30,  1.13s/it, v_num=13]Epoch 1:  45%|████▍     | 21/47 [00:24<00:30,  1.19s/it, v_num=13]Epoch 1:  45%|████▍     | 21/47 [00:24<00:30,  1.19s/it, v_num=13]Epoch 1:  47%|████▋     | 22/47 [00:25<00:28,  1.16s/it, v_num=13]Epoch 1:  47%|████▋     | 22/47 [00:25<00:28,  1.16s/it, v_num=13]Epoch 1:  49%|████▉     | 23/47 [00:26<00:27,  1.14s/it, v_num=13]Epoch 1:  49%|████▉     | 23/47 [00:26<00:27,  1.14s/it, v_num=13]Epoch 1:  51%|█████     | 24/47 [00:26<00:25,  1.11s/it, v_num=13]Epoch 1:  51%|█████     | 24/47 [00:26<00:25,  1.11s/it, v_num=13]Epoch 1:  53%|█████▎    | 25/47 [00:28<00:25,  1.16s/it, v_num=13]Epoch 1:  53%|█████▎    | 25/47 [00:28<00:25,  1.16s/it, v_num=13]Epoch 1:  55%|█████▌    | 26/47 [00:29<00:23,  1.14s/it, v_num=13]Epoch 1:  55%|█████▌    | 26/47 [00:29<00:23,  1.14s/it, v_num=13]Epoch 1:  57%|█████▋    | 27/47 [00:30<00:22,  1.12s/it, v_num=13]Epoch 1:  57%|█████▋    | 27/47 [00:30<00:22,  1.12s/it, v_num=13]Epoch 1:  60%|█████▉    | 28/47 [00:30<00:20,  1.10s/it, v_num=13]Epoch 1:  60%|█████▉    | 28/47 [00:30<00:20,  1.10s/it, v_num=13]Epoch 1:  62%|██████▏   | 29/47 [00:33<00:20,  1.14s/it, v_num=13]Epoch 1:  62%|██████▏   | 29/47 [00:33<00:20,  1.14s/it, v_num=13]Epoch 1:  64%|██████▍   | 30/47 [00:33<00:19,  1.12s/it, v_num=13]Epoch 1:  64%|██████▍   | 30/47 [00:33<00:19,  1.12s/it, v_num=13]Epoch 1:  66%|██████▌   | 31/47 [00:34<00:17,  1.10s/it, v_num=13]Epoch 1:  66%|██████▌   | 31/47 [00:34<00:17,  1.10s/it, v_num=13]Epoch 1:  68%|██████▊   | 32/47 [00:34<00:16,  1.09s/it, v_num=13]Epoch 1:  68%|██████▊   | 32/47 [00:34<00:16,  1.09s/it, v_num=13]Epoch 1:  70%|███████   | 33/47 [00:37<00:15,  1.12s/it, v_num=13]Epoch 1:  70%|███████   | 33/47 [00:37<00:15,  1.12s/it, v_num=13]Epoch 1:  72%|███████▏  | 34/47 [00:37<00:14,  1.11s/it, v_num=13]Epoch 1:  72%|███████▏  | 34/47 [00:37<00:14,  1.11s/it, v_num=13]Epoch 1:  74%|███████▍  | 35/47 [00:38<00:13,  1.09s/it, v_num=13]Epoch 1:  74%|███████▍  | 35/47 [00:38<00:13,  1.09s/it, v_num=13]Epoch 1:  77%|███████▋  | 36/47 [00:38<00:11,  1.08s/it, v_num=13]Epoch 1:  77%|███████▋  | 36/47 [00:38<00:11,  1.08s/it, v_num=13]Epoch 1:  79%|███████▊  | 37/47 [00:41<00:11,  1.11s/it, v_num=13]Epoch 1:  79%|███████▊  | 37/47 [00:41<00:11,  1.11s/it, v_num=13]Epoch 1:  81%|████████  | 38/47 [00:41<00:09,  1.10s/it, v_num=13]Epoch 1:  81%|████████  | 38/47 [00:41<00:09,  1.10s/it, v_num=13]Epoch 1:  83%|████████▎ | 39/47 [00:42<00:08,  1.08s/it, v_num=13]Epoch 1:  83%|████████▎ | 39/47 [00:42<00:08,  1.08s/it, v_num=13]Epoch 1:  85%|████████▌ | 40/47 [00:42<00:07,  1.07s/it, v_num=13]Epoch 1:  85%|████████▌ | 40/47 [00:42<00:07,  1.07s/it, v_num=13]Epoch 1:  87%|████████▋ | 41/47 [00:45<00:06,  1.10s/it, v_num=13]Epoch 1:  87%|████████▋ | 41/47 [00:45<00:06,  1.10s/it, v_num=13]Epoch 1:  89%|████████▉ | 42/47 [00:45<00:05,  1.09s/it, v_num=13]Epoch 1:  89%|████████▉ | 42/47 [00:45<00:05,  1.09s/it, v_num=13]Epoch 1:  91%|█████████▏| 43/47 [00:46<00:04,  1.08s/it, v_num=13]Epoch 1:  91%|█████████▏| 43/47 [00:46<00:04,  1.08s/it, v_num=13]Epoch 1:  94%|█████████▎| 44/47 [00:47<00:03,  1.07s/it, v_num=13]Epoch 1:  94%|█████████▎| 44/47 [00:47<00:03,  1.07s/it, v_num=13]Epoch 1:  96%|█████████▌| 45/47 [00:51<00:02,  1.14s/it, v_num=13]Epoch 1:  96%|█████████▌| 45/47 [00:51<00:02,  1.14s/it, v_num=13]Epoch 1:  98%|█████████▊| 46/47 [00:52<00:01,  1.13s/it, v_num=13]Epoch 1:  98%|█████████▊| 46/47 [00:52<00:01,  1.13s/it, v_num=13]Epoch 1: 100%|██████████| 47/47 [00:52<00:00,  1.12s/it, v_num=13]Epoch 1: 100%|██████████| 47/47 [00:52<00:00,  1.12s/it, v_num=13]
Validation: 0it [00:00, ?it/s][A
Validation:   0%|          | 0/8 [00:00<?, ?it/s][A
Validation DataLoader 0:   0%|          | 0/8 [00:00<?, ?it/s][A
Validation DataLoader 0:  12%|█▎        | 1/8 [00:00<00:00, 46.19it/s][A
Validation DataLoader 0:  25%|██▌       | 2/8 [00:00<00:00,  7.67it/s][A
Validation DataLoader 0:  38%|███▊      | 3/8 [00:01<00:02,  1.82it/s][A
Validation DataLoader 0:  50%|█████     | 4/8 [00:03<00:03,  1.30it/s][A
Validation DataLoader 0:  62%|██████▎   | 5/8 [00:04<00:02,  1.03it/s][A
Validation DataLoader 0:  75%|███████▌  | 6/8 [00:05<00:01,  1.01it/s][A
Validation DataLoader 0:  88%|████████▊ | 7/8 [00:07<00:01,  1.05s/it][A
Validation DataLoader 0: 100%|██████████| 8/8 [00:08<00:00,  1.10s/it][AEpoch 1: 100%|██████████| 47/47 [01:10<00:00,  1.49s/it, v_num=13]

                                                                      [A